<!DOCTYPE html>
<html lang="ja">
<head>
  <title>Before HTML</title>
  <link rel="shortcut icon" href="https://example.com/favion.ico" type="image/x-icon">
  <link rel="icon" href="https://example.com/favion.ico" type="image/x-icon">
  <link rel="icon" href="https://example.com/favion.png" type="image/png">
  <link rel="apple-touch-icon" sizes="48x48" href="https://example.com/favion.png">

  <link rel="stylesheet" href="assets/style.css">
  <meta property="og:image" content="https://example.com/ogimage.jpg">
  <meta name="twitter:image" content="https://example.com/twitter.jpg">
  <script type='text/javascript' src="assets/script.js?v=bccd90b802f17481031216eaaae9f302"></script>
</head>

<body>
  <img src="assets/image.webp" alt="image">
  <picture>
    <source srcset="assets/image.png">
    <img src="assets/image.jpg" alt="image">
  </picture>
</body>
</html>
