<!DOCTYPE html>
<html lang="ja">
<head>
  <title>Before HTML</title>
  <link rel="shortcut icon" href="https://example.com/favion.ico" type="image/x-icon">
  <link rel="icon" href="https://example.com/favion.ico" type="image/x-icon">
  <link rel="icon" href="https://example.com/favion.png" type="image/png">
  <link rel="apple-touch-icon" sizes="48x48" href="https://example.com/favion.png">

  <link rel="stylesheet" href="assets/style.css?v=2d8f0604335dda397cf152b68c5fa6ed">
  <meta property="og:image" content="https://example.com/ogimage.jpg" />
  <meta name="twitter:image" content="https://example.com/twitter.jpg" />
  <script type='text/javascript' src="assets/script.js?v=a1405ba0ed5b5ef4454e3e32175da043"></script>
</head>

<body>
  <img src="assets/image.webp?v=da9b38175660ed2ba5855531f00e8953" alt="image" />
  <img src="assets/image.webp?v=da9b38175660ed2ba5855531f00e8953" alt="image" />
</body>
</html>
