<!DOCTYPE html>
<html lang="ja">
<head>
  <title>Before HTML</title>
  <link rel="shortcut icon" href="https://example.com/favion.ico" type="image/x-icon">
  <link rel="icon" href="https://example.com/favion.ico" type="image/x-icon">
  <link rel="icon" href="https://example.com/favion.png" type="image/png">
  <link rel="apple-touch-icon" sizes="48x48" href="https://example.com/favion.png">

  <link rel="stylesheet" href="assets/style.css?cb=2d8f0604335dda397cf152b68c5fa6ed">
  <meta property="og:image" content="https://example.com/ogimage.jpg">
  <meta name="twitter:image" content="https://example.com/twitter.jpg">
  <script type='text/javascript' src="assets/script.js?cb=bccd90b802f17481031216eaaae9f302"></script>
</head>

<body>
  <img src="assets/image.webp?cb=da9b38175660ed2ba5855531f00e8953" alt="image">
  <picture>
    <source srcset="assets/image.png?cb=be89d427129ab1dc5f599b84d7e4ad38">
    <img src="assets/image.jpg?cb=4190c40ef91f9e0248f1adba3df38b1e" alt="image">
  </picture>
</body>
</html>
